[debug] [2026-05-06T20:21:09.763Z] ----------------------------------------------------------------------
[debug] [2026-05-06T20:21:09.764Z] Command:       /opt/homebrew/Cellar/node/25.8.0/bin/node /opt/homebrew/bin/firebase deploy --only functions
[debug] [2026-05-06T20:21:09.764Z] CLI Version:   15.16.0
[debug] [2026-05-06T20:21:09.764Z] Platform:      darwin
[debug] [2026-05-06T20:21:09.764Z] Node Version:  v25.8.0
[debug] [2026-05-06T20:21:09.764Z] Time:          Wed May 06 2026 21:21:09 GMT+0100 (Western European Summer Time)
[debug] [2026-05-06T20:21:09.764Z] ----------------------------------------------------------------------
[debug] 
[debug] [2026-05-06T20:21:10.082Z] > command requires scopes: ["email","openid","https://www.googleapis.com/auth/cloudplatformprojects.readonly","https://www.googleapis.com/auth/firebase","https://www.googleapis.com/auth/cloud-platform"]
[debug] [2026-05-06T20:21:10.082Z] > authorizing via signed-in user (danielalonzzo@icloud.com)
[debug] [2026-05-06T20:21:10.083Z] [iam] checking project paulo-morais for permissions ["cloudfunctions.functions.create","cloudfunctions.functions.delete","cloudfunctions.functions.get","cloudfunctions.functions.list","cloudfunctions.functions.update","cloudfunctions.operations.get","firebase.projects.get"]
[debug] [2026-05-06T20:21:10.083Z] Checked if tokens are valid: true, expires at: 1778102425443
[debug] [2026-05-06T20:21:10.083Z] Checked if tokens are valid: true, expires at: 1778102425443
[debug] [2026-05-06T20:21:10.083Z] >>> [apiv2][query] POST https://cloudresourcemanager.googleapis.com/v1/projects/paulo-morais:testIamPermissions [none]
[debug] [2026-05-06T20:21:10.083Z] >>> [apiv2][(partial)header] POST https://cloudresourcemanager.googleapis.com/v1/projects/paulo-morais:testIamPermissions  x-goog-user-project=paulo-morais
[debug] [2026-05-06T20:21:10.083Z] >>> [apiv2][body] POST https://cloudresourcemanager.googleapis.com/v1/projects/paulo-morais:testIamPermissions {"permissions":["cloudfunctions.functions.create","cloudfunctions.functions.delete","cloudfunctions.functions.get","cloudfunctions.functions.list","cloudfunctions.functions.update","cloudfunctions.operations.get","firebase.projects.get"]}
[debug] [2026-05-06T20:21:10.869Z] <<< [apiv2][status] POST https://cloudresourcemanager.googleapis.com/v1/projects/paulo-morais:testIamPermissions 200
[debug] [2026-05-06T20:21:10.869Z] <<< [apiv2][body] POST https://cloudresourcemanager.googleapis.com/v1/projects/paulo-morais:testIamPermissions {"permissions":["cloudfunctions.functions.create","cloudfunctions.functions.delete","cloudfunctions.functions.get","cloudfunctions.functions.list","cloudfunctions.functions.update","cloudfunctions.operations.get","firebase.projects.get"]}
[debug] [2026-05-06T20:21:10.869Z] Checked if tokens are valid: true, expires at: 1778102425443
[debug] [2026-05-06T20:21:10.869Z] Checked if tokens are valid: true, expires at: 1778102425443
[debug] [2026-05-06T20:21:10.869Z] >>> [apiv2][query] POST https://iam.googleapis.com/v1/projects/paulo-morais/serviceAccounts/paulo-morais@appspot.gserviceaccount.com:testIamPermissions [none]
[debug] [2026-05-06T20:21:10.869Z] >>> [apiv2][body] POST https://iam.googleapis.com/v1/projects/paulo-morais/serviceAccounts/paulo-morais@appspot.gserviceaccount.com:testIamPermissions {"permissions":["iam.serviceAccounts.actAs"]}
[debug] [2026-05-06T20:21:11.658Z] <<< [apiv2][status] POST https://iam.googleapis.com/v1/projects/paulo-morais/serviceAccounts/paulo-morais@appspot.gserviceaccount.com:testIamPermissions 200
[debug] [2026-05-06T20:21:11.658Z] <<< [apiv2][body] POST https://iam.googleapis.com/v1/projects/paulo-morais/serviceAccounts/paulo-morais@appspot.gserviceaccount.com:testIamPermissions {"permissions":["iam.serviceAccounts.actAs"]}
[info] 
[info] === Deploying to 'paulo-morais'...
[info] 
[info] i  deploying functions 
[debug] [2026-05-06T20:21:11.663Z] Checked if tokens are valid: true, expires at: 1778102425443
[debug] [2026-05-06T20:21:11.663Z] Checked if tokens are valid: true, expires at: 1778102425443
[debug] [2026-05-06T20:21:11.663Z] >>> [apiv2][query] GET https://cloudresourcemanager.googleapis.com/v1/projects/paulo-morais [none]
[debug] [2026-05-06T20:21:11.914Z] <<< [apiv2][status] GET https://cloudresourcemanager.googleapis.com/v1/projects/paulo-morais 200
[debug] [2026-05-06T20:21:11.915Z] <<< [apiv2][body] GET https://cloudresourcemanager.googleapis.com/v1/projects/paulo-morais {"projectNumber":"431406968000","projectId":"paulo-morais","lifecycleState":"ACTIVE","name":"Paulo Morais","labels":{"firebase":"enabled","firebase-core":"disabled"},"createTime":"2026-02-17T15:01:50.107472Z"}
[info] i  functions: preparing codebase default for deployment 
[info] i  functions: ensuring required API cloudfunctions.googleapis.com is enabled... 
[info] i  functions: ensuring required API cloudbuild.googleapis.com is enabled... 
[info] i  artifactregistry: ensuring required API artifactregistry.googleapis.com is enabled... 
[debug] [2026-05-06T20:21:11.918Z] Checked if tokens are valid: true, expires at: 1778102425443
[debug] [2026-05-06T20:21:11.918Z] Checked if tokens are valid: true, expires at: 1778102425443
[debug] [2026-05-06T20:21:11.918Z] >>> [apiv2][query] GET https://firebase.googleapis.com/v1beta1/projects/paulo-morais/adminSdkConfig [none]
[debug] [2026-05-06T20:21:12.438Z] <<< [apiv2][status] GET https://firebase.googleapis.com/v1beta1/projects/paulo-morais/adminSdkConfig 200
[debug] [2026-05-06T20:21:12.439Z] <<< [apiv2][body] GET https://firebase.googleapis.com/v1beta1/projects/paulo-morais/adminSdkConfig {"projectId":"paulo-morais","databaseURL":"https://paulo-morais-default-rtdb.europe-west1.firebasedatabase.app","storageBucket":"paulo-morais.firebasestorage.app"}
[debug] [2026-05-06T20:21:12.440Z] Checked if tokens are valid: true, expires at: 1778102425443
[debug] [2026-05-06T20:21:12.440Z] Checked if tokens are valid: true, expires at: 1778102425443
[debug] [2026-05-06T20:21:12.440Z] >>> [apiv2][query] GET https://runtimeconfig.googleapis.com/v1beta1/projects/paulo-morais/configs [none]
[debug] [2026-05-06T20:21:12.830Z] <<< [apiv2][status] GET https://runtimeconfig.googleapis.com/v1beta1/projects/paulo-morais/configs 200
[debug] [2026-05-06T20:21:12.831Z] <<< [apiv2][body] GET https://runtimeconfig.googleapis.com/v1beta1/projects/paulo-morais/configs {}
[debug] [2026-05-06T20:21:12.833Z] Validating nodejs source
[warn] ⚠  functions: package.json indicates an outdated version of firebase-functions. Please upgrade using npm install --save firebase-functions@latest in your functions directory. 
[warn] ⚠  functions: Please note that there will be breaking changes when you upgrade. 
[debug] [2026-05-06T20:21:13.261Z] > [functions] package.json contents: {
  "name": "functions",
  "description": "Cloud Functions for Firebase",
  "scripts": {
    "serve": "firebase emulators:start --only functions",
    "shell": "firebase functions:shell",
    "start": "npm run shell",
    "deploy": "firebase deploy --only functions",
    "logs": "firebase functions:log"
  },
  "engines": {
    "node": "22"
  },
  "main": "index.js",
  "dependencies": {
    "firebase-admin": "^12.0.0",
    "firebase-functions": "^6.0.0",
    "nodemailer": "^6.9.7"
  },
  "private": true
}
[debug] [2026-05-06T20:21:13.261Z] Building nodejs source
[info] i  functions: Loading and analyzing source code for codebase default to determine what to deploy 
[debug] [2026-05-06T20:21:13.261Z] Could not find functions.yaml. Must use http discovery
[debug] [2026-05-06T20:21:13.267Z] Found firebase-functions binary at '/Users/danielalonzzo/Library/Mobile Documents/com~apple~CloudDocs/Elysium λ/Paulo Morais/paulo-morais/functions/node_modules/.bin/firebase-functions'
[info] Serving at port 8046

[debug] [2026-05-06T20:21:13.485Z] Got response from /__/functions.yaml {"endpoints":{"onWeeklyScheduleUpdated":{"platform":"gcfv1","availableMemoryMb":null,"timeoutSeconds":null,"minInstances":null,"maxInstances":null,"ingressSettings":null,"serviceAccountEmail":null,"vpc":null,"secretEnvironmentVariables":[{"key":"EMAIL_USER"},{"key":"EMAIL_PASS"},{"key":"EMAIL_HOST"},{"key":"EMAIL_PORT"}],"eventTrigger":{"eventType":"providers/cloud.firestore/eventTypes/document.write","eventFilters":{"resource":"projects/paulo-morais/databases/(default)/documents/weekly_schedules/{weekId}"},"retry":false},"labels":{},"entryPoint":"onWeeklyScheduleUpdated"},"handleUnsubscribe":{"platform":"gcfv1","availableMemoryMb":null,"timeoutSeconds":null,"minInstances":null,"maxInstances":null,"ingressSettings":null,"serviceAccountEmail":null,"vpc":null,"secretEnvironmentVariables":[],"httpsTrigger":{},"entryPoint":"handleUnsubscribe"}},"specVersion":"v1alpha1","requiredAPIs":[],"extensions":{},"params":[{"type":"secret","name":"EMAIL_USER"},{"type":"secret","name":"EMAIL_PASS"},{"type":"secret","name":"EMAIL_HOST"},{"type":"secret","name":"EMAIL_PORT"}]}
[info] i  extensions: ensuring required API firebaseextensions.googleapis.com is enabled... 
[debug] [2026-05-06T20:21:17.515Z] > command requires scopes: ["email","openid","https://www.googleapis.com/auth/cloudplatformprojects.readonly","https://www.googleapis.com/auth/firebase","https://www.googleapis.com/auth/cloud-platform"]
[debug] [2026-05-06T20:21:17.515Z] > authorizing via signed-in user (danielalonzzo@icloud.com)
[debug] [2026-05-06T20:21:17.515Z] [iam] checking project paulo-morais for permissions ["firebase.projects.get","firebaseextensions.instances.list"]
[debug] [2026-05-06T20:21:17.515Z] Checked if tokens are valid: true, expires at: 1778102425443
[debug] [2026-05-06T20:21:17.515Z] Checked if tokens are valid: true, expires at: 1778102425443
[debug] [2026-05-06T20:21:17.516Z] >>> [apiv2][query] POST https://cloudresourcemanager.googleapis.com/v1/projects/paulo-morais:testIamPermissions [none]
[debug] [2026-05-06T20:21:17.516Z] >>> [apiv2][(partial)header] POST https://cloudresourcemanager.googleapis.com/v1/projects/paulo-morais:testIamPermissions  x-goog-user-project=paulo-morais
[debug] [2026-05-06T20:21:17.516Z] >>> [apiv2][body] POST https://cloudresourcemanager.googleapis.com/v1/projects/paulo-morais:testIamPermissions {"permissions":["firebase.projects.get","firebaseextensions.instances.list"]}
[debug] [2026-05-06T20:21:18.308Z] <<< [apiv2][status] POST https://cloudresourcemanager.googleapis.com/v1/projects/paulo-morais:testIamPermissions 200
[debug] [2026-05-06T20:21:18.308Z] <<< [apiv2][body] POST https://cloudresourcemanager.googleapis.com/v1/projects/paulo-morais:testIamPermissions {"permissions":["firebase.projects.get","firebaseextensions.instances.list"]}
[debug] [2026-05-06T20:21:18.309Z] Checked if tokens are valid: true, expires at: 1778102425443
[debug] [2026-05-06T20:21:18.309Z] Checked if tokens are valid: true, expires at: 1778102425443
[debug] [2026-05-06T20:21:18.310Z] >>> [apiv2][query] GET https://firebaseextensions.googleapis.com/v1beta/projects/paulo-morais/instances pageSize=100&pageToken=
[debug] [2026-05-06T20:21:19.253Z] <<< [apiv2][status] GET https://firebaseextensions.googleapis.com/v1beta/projects/paulo-morais/instances 200
[debug] [2026-05-06T20:21:19.253Z] <<< [apiv2][body] GET https://firebaseextensions.googleapis.com/v1beta/projects/paulo-morais/instances {}
[debug] [2026-05-06T20:21:19.256Z] Checked if tokens are valid: true, expires at: 1778102425443
[debug] [2026-05-06T20:21:19.256Z] Checked if tokens are valid: true, expires at: 1778102425443
[debug] [2026-05-06T20:21:19.257Z] >>> [apiv2][query] GET https://secretmanager.googleapis.com/v1/projects/paulo-morais/secrets/EMAIL_USER [none]
[debug] [2026-05-06T20:21:19.591Z] <<< [apiv2][status] GET https://secretmanager.googleapis.com/v1/projects/paulo-morais/secrets/EMAIL_USER 200
[debug] [2026-05-06T20:21:19.591Z] <<< [apiv2][body] GET https://secretmanager.googleapis.com/v1/projects/paulo-morais/secrets/EMAIL_USER {"name":"projects/431406968000/secrets/EMAIL_USER","replication":{"automatic":{}},"createTime":"2026-05-06T15:05:56.153737Z","labels":{"firebase-managed":"functions"},"etag":"\"165127803db958\""}
[debug] [2026-05-06T20:21:19.592Z] Checked if tokens are valid: true, expires at: 1778102425443
[debug] [2026-05-06T20:21:19.592Z] Checked if tokens are valid: true, expires at: 1778102425443
[debug] [2026-05-06T20:21:19.592Z] >>> [apiv2][query] GET https://secretmanager.googleapis.com/v1/projects/paulo-morais/secrets/EMAIL_USER/versions/latest [none]
[debug] [2026-05-06T20:21:19.797Z] <<< [apiv2][status] GET https://secretmanager.googleapis.com/v1/projects/paulo-morais/secrets/EMAIL_USER/versions/latest 200
[debug] [2026-05-06T20:21:19.797Z] <<< [apiv2][body] GET https://secretmanager.googleapis.com/v1/projects/paulo-morais/secrets/EMAIL_USER/versions/latest {"name":"projects/431406968000/secrets/EMAIL_USER/versions/1","createTime":"2026-05-06T15:06:11.176484Z","state":"ENABLED","replicationStatus":{"automatic":{}},"etag":"\"16512781107024\""}
[debug] [2026-05-06T20:21:19.798Z] Checked if tokens are valid: true, expires at: 1778102425443
[debug] [2026-05-06T20:21:19.798Z] Checked if tokens are valid: true, expires at: 1778102425443
[debug] [2026-05-06T20:21:19.798Z] >>> [apiv2][query] GET https://secretmanager.googleapis.com/v1/projects/paulo-morais/secrets/EMAIL_PASS [none]
[debug] [2026-05-06T20:21:19.977Z] <<< [apiv2][status] GET https://secretmanager.googleapis.com/v1/projects/paulo-morais/secrets/EMAIL_PASS 200
[debug] [2026-05-06T20:21:19.977Z] <<< [apiv2][body] GET https://secretmanager.googleapis.com/v1/projects/paulo-morais/secrets/EMAIL_PASS {"name":"projects/431406968000/secrets/EMAIL_PASS","replication":{"automatic":{}},"createTime":"2026-05-06T15:06:26.592657Z","labels":{"firebase-managed":"functions"},"etag":"\"1651278201dd0a\""}
[debug] [2026-05-06T20:21:19.977Z] Checked if tokens are valid: true, expires at: 1778102425443
[debug] [2026-05-06T20:21:19.978Z] Checked if tokens are valid: true, expires at: 1778102425443
[debug] [2026-05-06T20:21:19.978Z] >>> [apiv2][query] GET https://secretmanager.googleapis.com/v1/projects/paulo-morais/secrets/EMAIL_PASS/versions/latest [none]
[debug] [2026-05-06T20:21:20.184Z] <<< [apiv2][status] GET https://secretmanager.googleapis.com/v1/projects/paulo-morais/secrets/EMAIL_PASS/versions/latest 200
[debug] [2026-05-06T20:21:20.185Z] <<< [apiv2][body] GET https://secretmanager.googleapis.com/v1/projects/paulo-morais/secrets/EMAIL_PASS/versions/latest {"name":"projects/431406968000/secrets/EMAIL_PASS/versions/1","createTime":"2026-05-06T15:06:46.808690Z","state":"ENABLED","replicationStatus":{"automatic":{}},"etag":"\"16512783302472\""}
[debug] [2026-05-06T20:21:20.185Z] Checked if tokens are valid: true, expires at: 1778102425443
[debug] [2026-05-06T20:21:20.185Z] Checked if tokens are valid: true, expires at: 1778102425443
[debug] [2026-05-06T20:21:20.185Z] >>> [apiv2][query] GET https://secretmanager.googleapis.com/v1/projects/paulo-morais/secrets/EMAIL_HOST [none]
[debug] [2026-05-06T20:21:20.392Z] <<< [apiv2][status] GET https://secretmanager.googleapis.com/v1/projects/paulo-morais/secrets/EMAIL_HOST 200
[debug] [2026-05-06T20:21:20.392Z] <<< [apiv2][body] GET https://secretmanager.googleapis.com/v1/projects/paulo-morais/secrets/EMAIL_HOST {"name":"projects/431406968000/secrets/EMAIL_HOST","replication":{"automatic":{}},"createTime":"2026-05-06T15:02:56.571811Z","labels":{"firebase-managed":"functions"},"etag":"\"165127758cc34e\""}
[debug] [2026-05-06T20:21:20.393Z] Checked if tokens are valid: true, expires at: 1778102425443
[debug] [2026-05-06T20:21:20.393Z] Checked if tokens are valid: true, expires at: 1778102425443
[debug] [2026-05-06T20:21:20.393Z] >>> [apiv2][query] GET https://secretmanager.googleapis.com/v1/projects/paulo-morais/secrets/EMAIL_HOST/versions/latest [none]
[debug] [2026-05-06T20:21:20.628Z] <<< [apiv2][status] GET https://secretmanager.googleapis.com/v1/projects/paulo-morais/secrets/EMAIL_HOST/versions/latest 200
[debug] [2026-05-06T20:21:20.629Z] <<< [apiv2][body] GET https://secretmanager.googleapis.com/v1/projects/paulo-morais/secrets/EMAIL_HOST/versions/latest {"name":"projects/431406968000/secrets/EMAIL_HOST/versions/2","createTime":"2026-05-06T15:59:29.863876Z","state":"ENABLED","replicationStatus":{"automatic":{}},"etag":"\"1651283fb888c4\""}
[debug] [2026-05-06T20:21:20.629Z] Checked if tokens are valid: true, expires at: 1778102425443
[debug] [2026-05-06T20:21:20.629Z] Checked if tokens are valid: true, expires at: 1778102425443
[debug] [2026-05-06T20:21:20.629Z] >>> [apiv2][query] GET https://secretmanager.googleapis.com/v1/projects/paulo-morais/secrets/EMAIL_PORT [none]
[debug] [2026-05-06T20:21:20.834Z] <<< [apiv2][status] GET https://secretmanager.googleapis.com/v1/projects/paulo-morais/secrets/EMAIL_PORT 200
[debug] [2026-05-06T20:21:20.834Z] <<< [apiv2][body] GET https://secretmanager.googleapis.com/v1/projects/paulo-morais/secrets/EMAIL_PORT {"name":"projects/431406968000/secrets/EMAIL_PORT","replication":{"automatic":{}},"createTime":"2026-05-06T15:04:11.955638Z","labels":{"firebase-managed":"functions"},"etag":"\"1651277a06c680\""}
[debug] [2026-05-06T20:21:20.834Z] Checked if tokens are valid: true, expires at: 1778102425443
[debug] [2026-05-06T20:21:20.835Z] Checked if tokens are valid: true, expires at: 1778102425443
[debug] [2026-05-06T20:21:20.835Z] >>> [apiv2][query] GET https://secretmanager.googleapis.com/v1/projects/paulo-morais/secrets/EMAIL_PORT/versions/latest [none]
[debug] [2026-05-06T20:21:21.141Z] <<< [apiv2][status] GET https://secretmanager.googleapis.com/v1/projects/paulo-morais/secrets/EMAIL_PORT/versions/latest 200
[debug] [2026-05-06T20:21:21.142Z] <<< [apiv2][body] GET https://secretmanager.googleapis.com/v1/projects/paulo-morais/secrets/EMAIL_PORT/versions/latest {"name":"projects/431406968000/secrets/EMAIL_PORT/versions/1","createTime":"2026-05-06T15:05:39.383900Z","state":"ENABLED","replicationStatus":{"automatic":{}},"etag":"\"1651277f2b525c\""}
[info] i  functions: preparing functions directory for uploading... 
[info] i  functions: packaged /Users/danielalonzzo/Library/Mobile Documents/com~apple~CloudDocs/Elysium λ/Paulo Morais/paulo-morais/functions (36.4 KB) for uploading 
[debug] [2026-05-06T20:21:21.174Z] Checked if tokens are valid: true, expires at: 1778102425443
[debug] [2026-05-06T20:21:21.174Z] Checked if tokens are valid: true, expires at: 1778102425443
[debug] [2026-05-06T20:21:21.174Z] >>> [apiv2][query] GET https://cloudfunctions.googleapis.com/v1/projects/paulo-morais/locations/-/functions [none]
[debug] [2026-05-06T20:21:21.930Z] <<< [apiv2][status] GET https://cloudfunctions.googleapis.com/v1/projects/paulo-morais/locations/-/functions 200
[debug] [2026-05-06T20:21:21.930Z] <<< [apiv2][body] GET https://cloudfunctions.googleapis.com/v1/projects/paulo-morais/locations/-/functions {"functions":[{"name":"projects/paulo-morais/locations/us-central1/functions/onWeeklyScheduleUpdated","eventTrigger":{"eventType":"providers/cloud.firestore/eventTypes/document.write","resource":"projects/paulo-morais/databases/(default)/documents/weekly_schedules/{weekId}","service":"firestore.googleapis.com","failurePolicy":{}},"status":"ACTIVE","entryPoint":"onWeeklyScheduleUpdated","timeout":"60s","availableMemoryMb":256,"serviceAccountEmail":"paulo-morais@appspot.gserviceaccount.com","updateTime":"2026-05-06T18:48:28.224Z","versionId":"8","labels":{"deployment-tool":"cli-firebase","firebase-functions-hash":"d3acf5a014fd248102adabd8901caee8f7b93c9c"},"sourceUploadUrl":"https://storage.googleapis.com/uploads-781531000078.us-central1.cloudfunctions.appspot.com/2c4cdfeb-8049-4059-b51a-630820732b30.zip","environmentVariables":{"FIREBASE_CONFIG":"{\"projectId\":\"paulo-morais\",\"databaseURL\":\"https://paulo-morais-default-rtdb.europe-west1.firebasedatabase.app\",\"storageBucket\":\"paulo-morais.firebasestorage.app\"}","GCLOUD_PROJECT":"paulo-morais","EVENTARC_CLOUD_EVENT_SOURCE":"projects/paulo-morais/locations/us-central1/functions/onWeeklyScheduleUpdated"},"runtime":"nodejs22","maxInstances":3000,"ingressSettings":"ALLOW_ALL","buildId":"e8e60b64-1d0b-42f3-8be7-56eed774b8aa","buildEnvironmentVariables":{"GOOGLE_NODE_RUN_SCRIPTS":""},"secretEnvironmentVariables":[{"key":"EMAIL_USER","projectId":"431406968000","secret":"EMAIL_USER","version":"1"},{"key":"EMAIL_PASS","projectId":"431406968000","secret":"EMAIL_PASS","version":"1"},{"key":"EMAIL_HOST","projectId":"431406968000","secret":"EMAIL_HOST","version":"2"},{"key":"EMAIL_PORT","projectId":"431406968000","secret":"EMAIL_PORT","version":"1"}],"buildName":"projects/431406968000/locations/us-central1/builds/e8e60b64-1d0b-42f3-8be7-56eed774b8aa","dockerRegistry":"ARTIFACT_REGISTRY","automaticUpdatePolicy":{},"buildServiceAccount":"projects/paulo-morais/serviceAccounts/431406968000-compute@developer.gserviceaccount.com","satisfiesPzi":true}]}
[debug] [2026-05-06T20:21:21.932Z] Checked if tokens are valid: true, expires at: 1778102425443
[debug] [2026-05-06T20:21:21.932Z] Checked if tokens are valid: true, expires at: 1778102425443
[debug] [2026-05-06T20:21:21.932Z] >>> [apiv2][query] GET https://cloudfunctions.googleapis.com/v2/projects/paulo-morais/locations/-/functions filter=environment%3D%22GEN_2%22
[debug] [2026-05-06T20:21:22.932Z] <<< [apiv2][status] GET https://cloudfunctions.googleapis.com/v2/projects/paulo-morais/locations/-/functions 200
[debug] [2026-05-06T20:21:22.933Z] <<< [apiv2][body] GET https://cloudfunctions.googleapis.com/v2/projects/paulo-morais/locations/-/functions {}
[info] i  functions: ensuring required API secretmanager.googleapis.com is enabled... 
[debug] [2026-05-06T20:21:22.938Z] Checked if tokens are valid: true, expires at: 1778102425443
[debug] [2026-05-06T20:21:22.938Z] Checked if tokens are valid: true, expires at: 1778102425443
[debug] [2026-05-06T20:21:22.938Z] Checked if tokens are valid: true, expires at: 1778102425443
[debug] [2026-05-06T20:21:22.938Z] Checked if tokens are valid: true, expires at: 1778102425443
[debug] [2026-05-06T20:21:22.938Z] Checked if tokens are valid: true, expires at: 1778102425443
[debug] [2026-05-06T20:21:22.938Z] Checked if tokens are valid: true, expires at: 1778102425443
[debug] [2026-05-06T20:21:22.938Z] Checked if tokens are valid: true, expires at: 1778102425443
[debug] [2026-05-06T20:21:22.938Z] Checked if tokens are valid: true, expires at: 1778102425443
[debug] [2026-05-06T20:21:22.939Z] >>> [apiv2][query] GET https://secretmanager.googleapis.com/v1/projects/paulo-morais/secrets/EMAIL_USER/versions/latest [none]
[debug] [2026-05-06T20:21:22.939Z] >>> [apiv2][query] GET https://secretmanager.googleapis.com/v1/projects/paulo-morais/secrets/EMAIL_PASS/versions/latest [none]
[debug] [2026-05-06T20:21:22.940Z] >>> [apiv2][query] GET https://secretmanager.googleapis.com/v1/projects/paulo-morais/secrets/EMAIL_HOST/versions/latest [none]
[debug] [2026-05-06T20:21:22.942Z] >>> [apiv2][query] GET https://secretmanager.googleapis.com/v1/projects/paulo-morais/secrets/EMAIL_PORT/versions/latest [none]
[debug] [2026-05-06T20:21:23.140Z] <<< [apiv2][status] GET https://secretmanager.googleapis.com/v1/projects/paulo-morais/secrets/EMAIL_USER/versions/latest 200
[debug] [2026-05-06T20:21:23.141Z] <<< [apiv2][body] GET https://secretmanager.googleapis.com/v1/projects/paulo-morais/secrets/EMAIL_USER/versions/latest {"name":"projects/431406968000/secrets/EMAIL_USER/versions/1","createTime":"2026-05-06T15:06:11.176484Z","state":"ENABLED","replicationStatus":{"automatic":{}},"etag":"\"16512781107024\""}
[debug] [2026-05-06T20:21:23.141Z] Resolved secret version of EMAIL_USER to 1.
[debug] [2026-05-06T20:21:23.273Z] <<< [apiv2][status] GET https://secretmanager.googleapis.com/v1/projects/paulo-morais/secrets/EMAIL_PASS/versions/latest 200
[debug] [2026-05-06T20:21:23.273Z] <<< [apiv2][body] GET https://secretmanager.googleapis.com/v1/projects/paulo-morais/secrets/EMAIL_PASS/versions/latest {"name":"projects/431406968000/secrets/EMAIL_PASS/versions/1","createTime":"2026-05-06T15:06:46.808690Z","state":"ENABLED","replicationStatus":{"automatic":{}},"etag":"\"16512783302472\""}
[debug] [2026-05-06T20:21:23.273Z] Resolved secret version of EMAIL_PASS to 1.
[debug] [2026-05-06T20:21:23.275Z] <<< [apiv2][status] GET https://secretmanager.googleapis.com/v1/projects/paulo-morais/secrets/EMAIL_PORT/versions/latest 200
[debug] [2026-05-06T20:21:23.275Z] <<< [apiv2][body] GET https://secretmanager.googleapis.com/v1/projects/paulo-morais/secrets/EMAIL_PORT/versions/latest {"name":"projects/431406968000/secrets/EMAIL_PORT/versions/1","createTime":"2026-05-06T15:05:39.383900Z","state":"ENABLED","replicationStatus":{"automatic":{}},"etag":"\"1651277f2b525c\""}
[debug] [2026-05-06T20:21:23.275Z] Resolved secret version of EMAIL_PORT to 1.
[debug] [2026-05-06T20:21:23.275Z] <<< [apiv2][status] GET https://secretmanager.googleapis.com/v1/projects/paulo-morais/secrets/EMAIL_HOST/versions/latest 200
[debug] [2026-05-06T20:21:23.276Z] <<< [apiv2][body] GET https://secretmanager.googleapis.com/v1/projects/paulo-morais/secrets/EMAIL_HOST/versions/latest {"name":"projects/431406968000/secrets/EMAIL_HOST/versions/2","createTime":"2026-05-06T15:59:29.863876Z","state":"ENABLED","replicationStatus":{"automatic":{}},"etag":"\"1651283fb888c4\""}
[debug] [2026-05-06T20:21:23.276Z] Resolved secret version of EMAIL_HOST to 2.
[debug] [2026-05-06T20:21:23.277Z] Checked if tokens are valid: true, expires at: 1778102425443
[debug] [2026-05-06T20:21:23.277Z] Checked if tokens are valid: true, expires at: 1778102425443
[debug] [2026-05-06T20:21:23.277Z] >>> [apiv2][query] GET https://cloudresourcemanager.googleapis.com/v1/projects/paulo-morais [none]
[debug] [2026-05-06T20:21:23.487Z] <<< [apiv2][status] GET https://cloudresourcemanager.googleapis.com/v1/projects/paulo-morais 200
[debug] [2026-05-06T20:21:23.487Z] <<< [apiv2][body] GET https://cloudresourcemanager.googleapis.com/v1/projects/paulo-morais {"projectNumber":"431406968000","projectId":"paulo-morais","lifecycleState":"ACTIVE","name":"Paulo Morais","labels":{"firebase":"enabled","firebase-core":"disabled"},"createTime":"2026-02-17T15:01:50.107472Z"}
[debug] [2026-05-06T20:21:23.489Z] Checked if tokens are valid: true, expires at: 1778102425443
[debug] [2026-05-06T20:21:23.490Z] Checked if tokens are valid: true, expires at: 1778102425443
[debug] [2026-05-06T20:21:23.490Z] >>> [apiv2][query] GET https://cloudbilling.googleapis.com/v1/projects/paulo-morais/billingInfo [none]
[debug] [2026-05-06T20:21:24.352Z] <<< [apiv2][status] GET https://cloudbilling.googleapis.com/v1/projects/paulo-morais/billingInfo 200
[debug] [2026-05-06T20:21:24.353Z] <<< [apiv2][body] GET https://cloudbilling.googleapis.com/v1/projects/paulo-morais/billingInfo {"name":"projects/paulo-morais/billingInfo","projectId":"paulo-morais","billingAccountName":"billingAccounts/019699-75F2B3-517953","billingEnabled":true}
[debug] [2026-05-06T20:21:24.354Z] [functions] found 1 new HTTP functions, testing setIamPolicy permission...
[debug] [2026-05-06T20:21:24.354Z] Checked if tokens are valid: true, expires at: 1778102425443
[debug] [2026-05-06T20:21:24.354Z] Checked if tokens are valid: true, expires at: 1778102425443
[debug] [2026-05-06T20:21:24.354Z] >>> [apiv2][query] POST https://cloudresourcemanager.googleapis.com/v1/projects/paulo-morais:testIamPermissions [none]
[debug] [2026-05-06T20:21:24.355Z] >>> [apiv2][(partial)header] POST https://cloudresourcemanager.googleapis.com/v1/projects/paulo-morais:testIamPermissions  x-goog-user-project=paulo-morais
[debug] [2026-05-06T20:21:24.355Z] >>> [apiv2][body] POST https://cloudresourcemanager.googleapis.com/v1/projects/paulo-morais:testIamPermissions {"permissions":["cloudfunctions.functions.setIamPolicy"]}
[debug] [2026-05-06T20:21:24.531Z] <<< [apiv2][status] POST https://cloudresourcemanager.googleapis.com/v1/projects/paulo-morais:testIamPermissions 200
[debug] [2026-05-06T20:21:24.532Z] <<< [apiv2][body] POST https://cloudresourcemanager.googleapis.com/v1/projects/paulo-morais:testIamPermissions {"permissions":["cloudfunctions.functions.setIamPolicy"]}
[debug] [2026-05-06T20:21:24.532Z] [functions] found setIamPolicy permission, proceeding with deploy
[debug] [2026-05-06T20:21:24.533Z] Checked if tokens are valid: true, expires at: 1778102425443
[debug] [2026-05-06T20:21:24.533Z] Checked if tokens are valid: true, expires at: 1778102425443
[debug] [2026-05-06T20:21:24.533Z] >>> [apiv2][query] POST https://cloudfunctions.googleapis.com/v1/projects/paulo-morais/locations/us-central1/functions:generateUploadUrl [none]
[debug] [2026-05-06T20:21:24.533Z] >>> [apiv2][body] POST https://cloudfunctions.googleapis.com/v1/projects/paulo-morais/locations/us-central1/functions:generateUploadUrl {}
[debug] [2026-05-06T20:21:25.381Z] <<< [apiv2][status] POST https://cloudfunctions.googleapis.com/v1/projects/paulo-morais/locations/us-central1/functions:generateUploadUrl 200
[debug] [2026-05-06T20:21:25.381Z] <<< [apiv2][body] POST https://cloudfunctions.googleapis.com/v1/projects/paulo-morais/locations/us-central1/functions:generateUploadUrl {"uploadUrl":"https://storage.googleapis.com/uploads-781531000078.us-central1.cloudfunctions.appspot.com/a58a9a8a-3529-4f17-bab4-d8c161b88d30.zip?GoogleAccessId=service-431406968000@gcf-admin-robot.iam.gserviceaccount.com&Expires=1778100685&Signature=CRGoDqQTanoG3gzAO%2FlT%2Fn8fgiP7b4H24gwKelt2Y30lG61oJo%2BfUX%2BiZzsETDYiUtBP74wN95L7nLfPTiHLOD%2FNRgCOHZQDqlbzUiXwnn5QXDLNTIDwgI3teT%2BUBDWA2DKrgf2W0NHlOg%2Fbp9bmR6NnHfZ7olYgZm%2B0juXUZc8ETxulKL8TuBotpsrzsxcU04%2B8yCRdbV2dvMoXzprxdpe%2Bz1XpglJL%2FUknXRweDNtWNSBjRiik%2BlreUl3KvwGTfTmp3WbQ9Z%2FJQpb7XglPPaSs5s%2BLi%2BZxEGzon5FEH%2FOIPtKkaw5NncTlSxSnw9d8c4A3SGF7ndFRmQ6uagw1GQ%3D%3D"}
[debug] [2026-05-06T20:21:25.383Z] >>> [apiv2][query] PUT https://storage.googleapis.com/uploads-781531000078.us-central1.cloudfunctions.appspot.com/a58a9a8a-3529-4f17-bab4-d8c161b88d30.zip GoogleAccessId=service-431406968000%40gcf-admin-robot.iam.gserviceaccount.com&Expires=1778100685&Signature=CRGoDqQTanoG3gzAO%2FlT%2Fn8fgiP7b4H24gwKelt2Y30lG61oJo%2BfUX%2BiZzsETDYiUtBP74wN95L7nLfPTiHLOD%2FNRgCOHZQDqlbzUiXwnn5QXDLNTIDwgI3teT%2BUBDWA2DKrgf2W0NHlOg%2Fbp9bmR6NnHfZ7olYgZm%2B0juXUZc8ETxulKL8TuBotpsrzsxcU04%2B8yCRdbV2dvMoXzprxdpe%2Bz1XpglJL%2FUknXRweDNtWNSBjRiik%2BlreUl3KvwGTfTmp3WbQ9Z%2FJQpb7XglPPaSs5s%2BLi%2BZxEGzon5FEH%2FOIPtKkaw5NncTlSxSnw9d8c4A3SGF7ndFRmQ6uagw1GQ%3D%3D
[debug] [2026-05-06T20:21:25.383Z] >>> [apiv2][body] PUT https://storage.googleapis.com/uploads-781531000078.us-central1.cloudfunctions.appspot.com/a58a9a8a-3529-4f17-bab4-d8c161b88d30.zip [stream]
[debug] [2026-05-06T20:21:26.104Z] <<< [apiv2][status] PUT https://storage.googleapis.com/uploads-781531000078.us-central1.cloudfunctions.appspot.com/a58a9a8a-3529-4f17-bab4-d8c161b88d30.zip 200
[debug] [2026-05-06T20:21:26.104Z] <<< [apiv2][body] PUT https://storage.googleapis.com/uploads-781531000078.us-central1.cloudfunctions.appspot.com/a58a9a8a-3529-4f17-bab4-d8c161b88d30.zip [omitted]
[info] ✔  functions: functions source uploaded successfully 
[info] i  functions: creating Node.js 22 (1st Gen) function handleUnsubscribe(us-central1)... 
[info] i  functions: updating Node.js 22 (1st Gen) function onWeeklyScheduleUpdated(us-central1)... 
[debug] [2026-05-06T20:21:26.110Z] Checked if tokens are valid: true, expires at: 1778102425443
[debug] [2026-05-06T20:21:26.110Z] Checked if tokens are valid: true, expires at: 1778102425443
[debug] [2026-05-06T20:21:26.110Z] >>> [apiv2][query] POST https://cloudfunctions.googleapis.com/v1/projects/paulo-morais/locations/us-central1/functions [none]
[debug] [2026-05-06T20:21:26.110Z] >>> [apiv2][body] POST https://cloudfunctions.googleapis.com/v1/projects/paulo-morais/locations/us-central1/functions {"name":"projects/paulo-morais/locations/us-central1/functions/handleUnsubscribe","sourceUploadUrl":"https://storage.googleapis.com/uploads-781531000078.us-central1.cloudfunctions.appspot.com/a58a9a8a-3529-4f17-bab4-d8c161b88d30.zip?GoogleAccessId=service-431406968000@gcf-admin-robot.iam.gserviceaccount.com&Expires=1778100685&Signature=CRGoDqQTanoG3gzAO%2FlT%2Fn8fgiP7b4H24gwKelt2Y30lG61oJo%2BfUX%2BiZzsETDYiUtBP74wN95L7nLfPTiHLOD%2FNRgCOHZQDqlbzUiXwnn5QXDLNTIDwgI3teT%2BUBDWA2DKrgf2W0NHlOg%2Fbp9bmR6NnHfZ7olYgZm%2B0juXUZc8ETxulKL8TuBotpsrzsxcU04%2B8yCRdbV2dvMoXzprxdpe%2Bz1XpglJL%2FUknXRweDNtWNSBjRiik%2BlreUl3KvwGTfTmp3WbQ9Z%2FJQpb7XglPPaSs5s%2BLi%2BZxEGzon5FEH%2FOIPtKkaw5NncTlSxSnw9d8c4A3SGF7ndFRmQ6uagw1GQ%3D%3D","entryPoint":"handleUnsubscribe","runtime":"nodejs22","dockerRegistry":"ARTIFACT_REGISTRY","labels":{"deployment-tool":"cli-firebase","firebase-functions-hash":"4cb3c228b008481395571b5e219bb6c451c15db3"},"httpsTrigger":{"securityLevel":"SECURE_ALWAYS"},"minInstances":null,"maxInstances":null,"ingressSettings":null,"environmentVariables":{"FIREBASE_CONFIG":"{\"projectId\":\"paulo-morais\",\"databaseURL\":\"https://paulo-morais-default-rtdb.europe-west1.firebasedatabase.app\",\"storageBucket\":\"paulo-morais.firebasestorage.app\"}","GCLOUD_PROJECT":"paulo-morais","EVENTARC_CLOUD_EVENT_SOURCE":"projects/paulo-morais/locations/us-central1/functions/handleUnsubscribe"},"secretEnvironmentVariables":[],"serviceAccountEmail":null,"availableMemoryMb":null,"timeout":null,"vpcConnector":null,"vpcConnectorEgressSettings":null,"buildEnvironmentVariables":{"GOOGLE_NODE_RUN_SCRIPTS":""}}
[debug] [2026-05-06T20:21:26.768Z] <<< [apiv2][status] POST https://cloudfunctions.googleapis.com/v1/projects/paulo-morais/locations/us-central1/functions 200
[debug] [2026-05-06T20:21:26.768Z] <<< [apiv2][body] POST https://cloudfunctions.googleapis.com/v1/projects/paulo-morais/locations/us-central1/functions {"name":"operations/cHJvamVjdHMvcGF1bG8tbW9yYWlzL2xvY2F0aW9ucy91cy1jZW50cmFsMS9vcGVyYXRpb25zL29wZXJhdGlvbi0xNzc4MDk4ODg2MzAwLTY1MTJiZTg3ZTUzODMtMzE2ODI1NTQtM2Q4OWFkM2I","metadata":{"@type":"type.googleapis.com/google.cloud.functions.v1.OperationMetadataV1","target":"projects/paulo-morais/locations/us-central1/functions/handleUnsubscribe","updateTime":"2026-05-06T20:21:26.681858130Z"}}
[debug] [2026-05-06T20:21:26.769Z] Checked if tokens are valid: true, expires at: 1778102425443
[debug] [2026-05-06T20:21:26.769Z] Checked if tokens are valid: true, expires at: 1778102425443
[debug] [2026-05-06T20:21:26.770Z] >>> [apiv2][query] GET https://cloudfunctions.googleapis.com/v1/operations/cHJvamVjdHMvcGF1bG8tbW9yYWlzL2xvY2F0aW9ucy91cy1jZW50cmFsMS9vcGVyYXRpb25zL29wZXJhdGlvbi0xNzc4MDk4ODg2MzAwLTY1MTJiZTg3ZTUzODMtMzE2ODI1NTQtM2Q4OWFkM2I [none]
[debug] [2026-05-06T20:21:27.015Z] <<< [apiv2][status] GET https://cloudfunctions.googleapis.com/v1/operations/cHJvamVjdHMvcGF1bG8tbW9yYWlzL2xvY2F0aW9ucy91cy1jZW50cmFsMS9vcGVyYXRpb25zL29wZXJhdGlvbi0xNzc4MDk4ODg2MzAwLTY1MTJiZTg3ZTUzODMtMzE2ODI1NTQtM2Q4OWFkM2I 200
[debug] [2026-05-06T20:21:27.015Z] <<< [apiv2][body] GET https://cloudfunctions.googleapis.com/v1/operations/cHJvamVjdHMvcGF1bG8tbW9yYWlzL2xvY2F0aW9ucy91cy1jZW50cmFsMS9vcGVyYXRpb25zL29wZXJhdGlvbi0xNzc4MDk4ODg2MzAwLTY1MTJiZTg3ZTUzODMtMzE2ODI1NTQtM2Q4OWFkM2I {"name":"operations/cHJvamVjdHMvcGF1bG8tbW9yYWlzL2xvY2F0aW9ucy91cy1jZW50cmFsMS9vcGVyYXRpb25zL29wZXJhdGlvbi0xNzc4MDk4ODg2MzAwLTY1MTJiZTg3ZTUzODMtMzE2ODI1NTQtM2Q4OWFkM2I","metadata":{"@type":"type.googleapis.com/google.cloud.functions.v1.OperationMetadataV1","target":"projects/paulo-morais/locations/us-central1/functions/handleUnsubscribe","updateTime":"2026-05-06T20:21:26.681858130Z"}}
[debug] [2026-05-06T20:21:27.516Z] [create-default-us-central1-handleUnsubscribe] Retrying task index 0
[debug] [2026-05-06T20:21:27.517Z] Checked if tokens are valid: true, expires at: 1778102425443
[debug] [2026-05-06T20:21:27.517Z] Checked if tokens are valid: true, expires at: 1778102425443
[debug] [2026-05-06T20:21:27.517Z] >>> [apiv2][query] GET https://cloudfunctions.googleapis.com/v1/operations/cHJvamVjdHMvcGF1bG8tbW9yYWlzL2xvY2F0aW9ucy91cy1jZW50cmFsMS9vcGVyYXRpb25zL29wZXJhdGlvbi0xNzc4MDk4ODg2MzAwLTY1MTJiZTg3ZTUzODMtMzE2ODI1NTQtM2Q4OWFkM2I [none]
[debug] [2026-05-06T20:21:27.749Z] <<< [apiv2][status] GET https://cloudfunctions.googleapis.com/v1/operations/cHJvamVjdHMvcGF1bG8tbW9yYWlzL2xvY2F0aW9ucy91cy1jZW50cmFsMS9vcGVyYXRpb25zL29wZXJhdGlvbi0xNzc4MDk4ODg2MzAwLTY1MTJiZTg3ZTUzODMtMzE2ODI1NTQtM2Q4OWFkM2I 200
[debug] [2026-05-06T20:21:27.750Z] <<< [apiv2][body] GET https://cloudfunctions.googleapis.com/v1/operations/cHJvamVjdHMvcGF1bG8tbW9yYWlzL2xvY2F0aW9ucy91cy1jZW50cmFsMS9vcGVyYXRpb25zL29wZXJhdGlvbi0xNzc4MDk4ODg2MzAwLTY1MTJiZTg3ZTUzODMtMzE2ODI1NTQtM2Q4OWFkM2I {"name":"operations/cHJvamVjdHMvcGF1bG8tbW9yYWlzL2xvY2F0aW9ucy91cy1jZW50cmFsMS9vcGVyYXRpb25zL29wZXJhdGlvbi0xNzc4MDk4ODg2MzAwLTY1MTJiZTg3ZTUzODMtMzE2ODI1NTQtM2Q4OWFkM2I","metadata":{"@type":"type.googleapis.com/google.cloud.functions.v1.OperationMetadataV1","target":"projects/paulo-morais/locations/us-central1/functions/handleUnsubscribe","type":"CREATE_FUNCTION","request":{"@type":"type.googleapis.com/google.cloud.functions.v1.CloudFunction","name":"projects/paulo-morais/locations/us-central1/functions/handleUnsubscribe","httpsTrigger":{"securityLevel":"SECURE_ALWAYS"},"entryPoint":"handleUnsubscribe","updateTime":"1970-01-01T00:00:00Z","labels":{"deployment-tool":"cli-firebase","firebase-functions-hash":"4cb3c228b008481395571b5e219bb6c451c15db3"},"sourceUploadUrl":"https://storage.googleapis.com/uploads-781531000078.us-central1.cloudfunctions.appspot.com/a58a9a8a-3529-4f17-bab4-d8c161b88d30.zip?GoogleAccessId=service-431406968000@gcf-admin-robot.iam.gserviceaccount.com&Expires=1778100685&Signature=CRGoDqQTanoG3gzAO%2FlT%2Fn8fgiP7b4H24gwKelt2Y30lG61oJo%2BfUX%2BiZzsETDYiUtBP74wN95L7nLfPTiHLOD%2FNRgCOHZQDqlbzUiXwnn5QXDLNTIDwgI3teT%2BUBDWA2DKrgf2W0NHlOg%2Fbp9bmR6NnHfZ7olYgZm%2B0juXUZc8ETxulKL8TuBotpsrzsxcU04%2B8yCRdbV2dvMoXzprxdpe%2Bz1XpglJL%2FUknXRweDNtWNSBjRiik%2BlreUl3KvwGTfTmp3WbQ9Z%2FJQpb7XglPPaSs5s%2BLi%2BZxEGzon5FEH%2FOIPtKkaw5NncTlSxSnw9d8c4A3SGF7ndFRmQ6uagw1GQ%3D%3D","environmentVariables":{"FIREBASE_CONFIG":"{\"projectId\":\"paulo-morais\",\"databaseURL\":\"https://paulo-morais-default-rtdb.europe-west1.firebasedatabase.app\",\"storageBucket\":\"paulo-morais.firebasestorage.app\"}","GCLOUD_PROJECT":"paulo-morais","EVENTARC_CLOUD_EVENT_SOURCE":"projects/paulo-morais/locations/us-central1/functions/handleUnsubscribe"},"runtime":"nodejs22","buildEnvironmentVariables":{"GOOGLE_NODE_RUN_SCRIPTS":""},"dockerRegistry":"ARTIFACT_REGISTRY"},"versionId":"1","updateTime":"2026-05-06T20:21:26.681858130Z"}}
[debug] [2026-05-06T20:21:28.751Z] [create-default-us-central1-handleUnsubscribe] Retrying task index 0
[debug] [2026-05-06T20:21:28.752Z] Checked if tokens are valid: true, expires at: 1778102425443
[debug] [2026-05-06T20:21:28.752Z] Checked if tokens are valid: true, expires at: 1778102425443
[debug] [2026-05-06T20:21:28.752Z] >>> [apiv2][query] GET https://cloudfunctions.googleapis.com/v1/operations/cHJvamVjdHMvcGF1bG8tbW9yYWlzL2xvY2F0aW9ucy91cy1jZW50cmFsMS9vcGVyYXRpb25zL29wZXJhdGlvbi0xNzc4MDk4ODg2MzAwLTY1MTJiZTg3ZTUzODMtMzE2ODI1NTQtM2Q4OWFkM2I [none]
[debug] [2026-05-06T20:21:29.026Z] <<< [apiv2][status] GET https://cloudfunctions.googleapis.com/v1/operations/cHJvamVjdHMvcGF1bG8tbW9yYWlzL2xvY2F0aW9ucy91cy1jZW50cmFsMS9vcGVyYXRpb25zL29wZXJhdGlvbi0xNzc4MDk4ODg2MzAwLTY1MTJiZTg3ZTUzODMtMzE2ODI1NTQtM2Q4OWFkM2I 200
[debug] [2026-05-06T20:21:29.026Z] <<< [apiv2][body] GET https://cloudfunctions.googleapis.com/v1/operations/cHJvamVjdHMvcGF1bG8tbW9yYWlzL2xvY2F0aW9ucy91cy1jZW50cmFsMS9vcGVyYXRpb25zL29wZXJhdGlvbi0xNzc4MDk4ODg2MzAwLTY1MTJiZTg3ZTUzODMtMzE2ODI1NTQtM2Q4OWFkM2I {"name":"operations/cHJvamVjdHMvcGF1bG8tbW9yYWlzL2xvY2F0aW9ucy91cy1jZW50cmFsMS9vcGVyYXRpb25zL29wZXJhdGlvbi0xNzc4MDk4ODg2MzAwLTY1MTJiZTg3ZTUzODMtMzE2ODI1NTQtM2Q4OWFkM2I","metadata":{"@type":"type.googleapis.com/google.cloud.functions.v1.OperationMetadataV1","target":"projects/paulo-morais/locations/us-central1/functions/handleUnsubscribe","type":"CREATE_FUNCTION","request":{"@type":"type.googleapis.com/google.cloud.functions.v1.CloudFunction","name":"projects/paulo-morais/locations/us-central1/functions/handleUnsubscribe","httpsTrigger":{"securityLevel":"SECURE_ALWAYS"},"entryPoint":"handleUnsubscribe","updateTime":"1970-01-01T00:00:00Z","labels":{"deployment-tool":"cli-firebase","firebase-functions-hash":"4cb3c228b008481395571b5e219bb6c451c15db3"},"sourceUploadUrl":"https://storage.googleapis.com/uploads-781531000078.us-central1.cloudfunctions.appspot.com/a58a9a8a-3529-4f17-bab4-d8c161b88d30.zip?GoogleAccessId=service-431406968000@gcf-admin-robot.iam.gserviceaccount.com&Expires=1778100685&Signature=CRGoDqQTanoG3gzAO%2FlT%2Fn8fgiP7b4H24gwKelt2Y30lG61oJo%2BfUX%2BiZzsETDYiUtBP74wN95L7nLfPTiHLOD%2FNRgCOHZQDqlbzUiXwnn5QXDLNTIDwgI3teT%2BUBDWA2DKrgf2W0NHlOg%2Fbp9bmR6NnHfZ7olYgZm%2B0juXUZc8ETxulKL8TuBotpsrzsxcU04%2B8yCRdbV2dvMoXzprxdpe%2Bz1XpglJL%2FUknXRweDNtWNSBjRiik%2BlreUl3KvwGTfTmp3WbQ9Z%2FJQpb7XglPPaSs5s%2BLi%2BZxEGzon5FEH%2FOIPtKkaw5NncTlSxSnw9d8c4A3SGF7ndFRmQ6uagw1GQ%3D%3D","environmentVariables":{"FIREBASE_CONFIG":"{\"projectId\":\"paulo-morais\",\"databaseURL\":\"https://paulo-morais-default-rtdb.europe-west1.firebasedatabase.app\",\"storageBucket\":\"paulo-morais.firebasestorage.app\"}","GCLOUD_PROJECT":"paulo-morais","EVENTARC_CLOUD_EVENT_SOURCE":"projects/paulo-morais/locations/us-central1/functions/handleUnsubscribe"},"runtime":"nodejs22","buildEnvironmentVariables":{"GOOGLE_NODE_RUN_SCRIPTS":""},"dockerRegistry":"ARTIFACT_REGISTRY"},"versionId":"1","updateTime":"2026-05-06T20:21:26.681858130Z"}}
[debug] [2026-05-06T20:21:31.028Z] [create-default-us-central1-handleUnsubscribe] Retrying task index 0
[debug] [2026-05-06T20:21:31.029Z] Checked if tokens are valid: true, expires at: 1778102425443
[debug] [2026-05-06T20:21:31.029Z] Checked if tokens are valid: true, expires at: 1778102425443
[debug] [2026-05-06T20:21:31.029Z] >>> [apiv2][query] GET https://cloudfunctions.googleapis.com/v1/operations/cHJvamVjdHMvcGF1bG8tbW9yYWlzL2xvY2F0aW9ucy91cy1jZW50cmFsMS9vcGVyYXRpb25zL29wZXJhdGlvbi0xNzc4MDk4ODg2MzAwLTY1MTJiZTg3ZTUzODMtMzE2ODI1NTQtM2Q4OWFkM2I [none]
[debug] [2026-05-06T20:21:31.313Z] <<< [apiv2][status] GET https://cloudfunctions.googleapis.com/v1/operations/cHJvamVjdHMvcGF1bG8tbW9yYWlzL2xvY2F0aW9ucy91cy1jZW50cmFsMS9vcGVyYXRpb25zL29wZXJhdGlvbi0xNzc4MDk4ODg2MzAwLTY1MTJiZTg3ZTUzODMtMzE2ODI1NTQtM2Q4OWFkM2I 200
[debug] [2026-05-06T20:21:31.313Z] <<< [apiv2][body] GET https://cloudfunctions.googleapis.com/v1/operations/cHJvamVjdHMvcGF1bG8tbW9yYWlzL2xvY2F0aW9ucy91cy1jZW50cmFsMS9vcGVyYXRpb25zL29wZXJhdGlvbi0xNzc4MDk4ODg2MzAwLTY1MTJiZTg3ZTUzODMtMzE2ODI1NTQtM2Q4OWFkM2I {"name":"operations/cHJvamVjdHMvcGF1bG8tbW9yYWlzL2xvY2F0aW9ucy91cy1jZW50cmFsMS9vcGVyYXRpb25zL29wZXJhdGlvbi0xNzc4MDk4ODg2MzAwLTY1MTJiZTg3ZTUzODMtMzE2ODI1NTQtM2Q4OWFkM2I","metadata":{"@type":"type.googleapis.com/google.cloud.functions.v1.OperationMetadataV1","target":"projects/paulo-morais/locations/us-central1/functions/handleUnsubscribe","type":"CREATE_FUNCTION","request":{"@type":"type.googleapis.com/google.cloud.functions.v1.CloudFunction","name":"projects/paulo-morais/locations/us-central1/functions/handleUnsubscribe","httpsTrigger":{"securityLevel":"SECURE_ALWAYS"},"entryPoint":"handleUnsubscribe","updateTime":"1970-01-01T00:00:00Z","labels":{"deployment-tool":"cli-firebase","firebase-functions-hash":"4cb3c228b008481395571b5e219bb6c451c15db3"},"sourceUploadUrl":"https://storage.googleapis.com/uploads-781531000078.us-central1.cloudfunctions.appspot.com/a58a9a8a-3529-4f17-bab4-d8c161b88d30.zip?GoogleAccessId=service-431406968000@gcf-admin-robot.iam.gserviceaccount.com&Expires=1778100685&Signature=CRGoDqQTanoG3gzAO%2FlT%2Fn8fgiP7b4H24gwKelt2Y30lG61oJo%2BfUX%2BiZzsETDYiUtBP74wN95L7nLfPTiHLOD%2FNRgCOHZQDqlbzUiXwnn5QXDLNTIDwgI3teT%2BUBDWA2DKrgf2W0NHlOg%2Fbp9bmR6NnHfZ7olYgZm%2B0juXUZc8ETxulKL8TuBotpsrzsxcU04%2B8yCRdbV2dvMoXzprxdpe%2Bz1XpglJL%2FUknXRweDNtWNSBjRiik%2BlreUl3KvwGTfTmp3WbQ9Z%2FJQpb7XglPPaSs5s%2BLi%2BZxEGzon5FEH%2FOIPtKkaw5NncTlSxSnw9d8c4A3SGF7ndFRmQ6uagw1GQ%3D%3D","environmentVariables":{"FIREBASE_CONFIG":"{\"projectId\":\"paulo-morais\",\"databaseURL\":\"https://paulo-morais-default-rtdb.europe-west1.firebasedatabase.app\",\"storageBucket\":\"paulo-morais.firebasestorage.app\"}","GCLOUD_PROJECT":"paulo-morais","EVENTARC_CLOUD_EVENT_SOURCE":"projects/paulo-morais/locations/us-central1/functions/handleUnsubscribe"},"runtime":"nodejs22","buildEnvironmentVariables":{"GOOGLE_NODE_RUN_SCRIPTS":""},"dockerRegistry":"ARTIFACT_REGISTRY"},"versionId":"1","updateTime":"2026-05-06T20:21:26.681858130Z","buildId":"1d963383-1510-46b9-ba5a-cfc269b99166","buildName":"projects/431406968000/locations/us-central1/builds/1d963383-1510-46b9-ba5a-cfc269b99166"}}
[debug] [2026-05-06T20:21:35.314Z] [create-default-us-central1-handleUnsubscribe] Retrying task index 0
[debug] [2026-05-06T20:21:35.315Z] Checked if tokens are valid: true, expires at: 1778102425443
[debug] [2026-05-06T20:21:35.315Z] Checked if tokens are valid: true, expires at: 1778102425443
[debug] [2026-05-06T20:21:35.315Z] >>> [apiv2][query] GET https://cloudfunctions.googleapis.com/v1/operations/cHJvamVjdHMvcGF1bG8tbW9yYWlzL2xvY2F0aW9ucy91cy1jZW50cmFsMS9vcGVyYXRpb25zL29wZXJhdGlvbi0xNzc4MDk4ODg2MzAwLTY1MTJiZTg3ZTUzODMtMzE2ODI1NTQtM2Q4OWFkM2I [none]
[debug] [2026-05-06T20:21:35.551Z] <<< [apiv2][status] GET https://cloudfunctions.googleapis.com/v1/operations/cHJvamVjdHMvcGF1bG8tbW9yYWlzL2xvY2F0aW9ucy91cy1jZW50cmFsMS9vcGVyYXRpb25zL29wZXJhdGlvbi0xNzc4MDk4ODg2MzAwLTY1MTJiZTg3ZTUzODMtMzE2ODI1NTQtM2Q4OWFkM2I 200
[debug] [2026-05-06T20:21:35.551Z] <<< [apiv2][body] GET https://cloudfunctions.googleapis.com/v1/operations/cHJvamVjdHMvcGF1bG8tbW9yYWlzL2xvY2F0aW9ucy91cy1jZW50cmFsMS9vcGVyYXRpb25zL29wZXJhdGlvbi0xNzc4MDk4ODg2MzAwLTY1MTJiZTg3ZTUzODMtMzE2ODI1NTQtM2Q4OWFkM2I {"name":"operations/cHJvamVjdHMvcGF1bG8tbW9yYWlzL2xvY2F0aW9ucy91cy1jZW50cmFsMS9vcGVyYXRpb25zL29wZXJhdGlvbi0xNzc4MDk4ODg2MzAwLTY1MTJiZTg3ZTUzODMtMzE2ODI1NTQtM2Q4OWFkM2I","metadata":{"@type":"type.googleapis.com/google.cloud.functions.v1.OperationMetadataV1","target":"projects/paulo-morais/locations/us-central1/functions/handleUnsubscribe","type":"CREATE_FUNCTION","request":{"@type":"type.googleapis.com/google.cloud.functions.v1.CloudFunction","name":"projects/paulo-morais/locations/us-central1/functions/handleUnsubscribe","httpsTrigger":{"securityLevel":"SECURE_ALWAYS"},"entryPoint":"handleUnsubscribe","updateTime":"1970-01-01T00:00:00Z","labels":{"deployment-tool":"cli-firebase","firebase-functions-hash":"4cb3c228b008481395571b5e219bb6c451c15db3"},"sourceUploadUrl":"https://storage.googleapis.com/uploads-781531000078.us-central1.cloudfunctions.appspot.com/a58a9a8a-3529-4f17-bab4-d8c161b88d30.zip?GoogleAccessId=service-431406968000@gcf-admin-robot.iam.gserviceaccount.com&Expires=1778100685&Signature=CRGoDqQTanoG3gzAO%2FlT%2Fn8fgiP7b4H24gwKelt2Y30lG61oJo%2BfUX%2BiZzsETDYiUtBP74wN95L7nLfPTiHLOD%2FNRgCOHZQDqlbzUiXwnn5QXDLNTIDwgI3teT%2BUBDWA2DKrgf2W0NHlOg%2Fbp9bmR6NnHfZ7olYgZm%2B0juXUZc8ETxulKL8TuBotpsrzsxcU04%2B8yCRdbV2dvMoXzprxdpe%2Bz1XpglJL%2FUknXRweDNtWNSBjRiik%2BlreUl3KvwGTfTmp3WbQ9Z%2FJQpb7XglPPaSs5s%2BLi%2BZxEGzon5FEH%2FOIPtKkaw5NncTlSxSnw9d8c4A3SGF7ndFRmQ6uagw1GQ%3D%3D","environmentVariables":{"FIREBASE_CONFIG":"{\"projectId\":\"paulo-morais\",\"databaseURL\":\"https://paulo-morais-default-rtdb.europe-west1.firebasedatabase.app\",\"storageBucket\":\"paulo-morais.firebasestorage.app\"}","GCLOUD_PROJECT":"paulo-morais","EVENTARC_CLOUD_EVENT_SOURCE":"projects/paulo-morais/locations/us-central1/functions/handleUnsubscribe"},"runtime":"nodejs22","buildEnvironmentVariables":{"GOOGLE_NODE_RUN_SCRIPTS":""},"dockerRegistry":"ARTIFACT_REGISTRY"},"versionId":"1","updateTime":"2026-05-06T20:21:26.681858130Z","buildId":"1d963383-1510-46b9-ba5a-cfc269b99166","buildName":"projects/431406968000/locations/us-central1/builds/1d963383-1510-46b9-ba5a-cfc269b99166"}}
[debug] [2026-05-06T20:21:43.553Z] [create-default-us-central1-handleUnsubscribe] Retrying task index 0
[debug] [2026-05-06T20:21:43.553Z] Checked if tokens are valid: true, expires at: 1778102425443
[debug] [2026-05-06T20:21:43.553Z] Checked if tokens are valid: true, expires at: 1778102425443
[debug] [2026-05-06T20:21:43.553Z] >>> [apiv2][query] GET https://cloudfunctions.googleapis.com/v1/operations/cHJvamVjdHMvcGF1bG8tbW9yYWlzL2xvY2F0aW9ucy91cy1jZW50cmFsMS9vcGVyYXRpb25zL29wZXJhdGlvbi0xNzc4MDk4ODg2MzAwLTY1MTJiZTg3ZTUzODMtMzE2ODI1NTQtM2Q4OWFkM2I [none]
[debug] [2026-05-06T20:21:43.893Z] <<< [apiv2][status] GET https://cloudfunctions.googleapis.com/v1/operations/cHJvamVjdHMvcGF1bG8tbW9yYWlzL2xvY2F0aW9ucy91cy1jZW50cmFsMS9vcGVyYXRpb25zL29wZXJhdGlvbi0xNzc4MDk4ODg2MzAwLTY1MTJiZTg3ZTUzODMtMzE2ODI1NTQtM2Q4OWFkM2I 200
[debug] [2026-05-06T20:21:43.893Z] <<< [apiv2][body] GET https://cloudfunctions.googleapis.com/v1/operations/cHJvamVjdHMvcGF1bG8tbW9yYWlzL2xvY2F0aW9ucy91cy1jZW50cmFsMS9vcGVyYXRpb25zL29wZXJhdGlvbi0xNzc4MDk4ODg2MzAwLTY1MTJiZTg3ZTUzODMtMzE2ODI1NTQtM2Q4OWFkM2I {"name":"operations/cHJvamVjdHMvcGF1bG8tbW9yYWlzL2xvY2F0aW9ucy91cy1jZW50cmFsMS9vcGVyYXRpb25zL29wZXJhdGlvbi0xNzc4MDk4ODg2MzAwLTY1MTJiZTg3ZTUzODMtMzE2ODI1NTQtM2Q4OWFkM2I","metadata":{"@type":"type.googleapis.com/google.cloud.functions.v1.OperationMetadataV1","target":"projects/paulo-morais/locations/us-central1/functions/handleUnsubscribe","type":"CREATE_FUNCTION","request":{"@type":"type.googleapis.com/google.cloud.functions.v1.CloudFunction","name":"projects/paulo-morais/locations/us-central1/functions/handleUnsubscribe","httpsTrigger":{"securityLevel":"SECURE_ALWAYS"},"entryPoint":"handleUnsubscribe","updateTime":"1970-01-01T00:00:00Z","labels":{"deployment-tool":"cli-firebase","firebase-functions-hash":"4cb3c228b008481395571b5e219bb6c451c15db3"},"sourceUploadUrl":"https://storage.googleapis.com/uploads-781531000078.us-central1.cloudfunctions.appspot.com/a58a9a8a-3529-4f17-bab4-d8c161b88d30.zip?GoogleAccessId=service-431406968000@gcf-admin-robot.iam.gserviceaccount.com&Expires=1778100685&Signature=CRGoDqQTanoG3gzAO%2FlT%2Fn8fgiP7b4H24gwKelt2Y30lG61oJo%2BfUX%2BiZzsETDYiUtBP74wN95L7nLfPTiHLOD%2FNRgCOHZQDqlbzUiXwnn5QXDLNTIDwgI3teT%2BUBDWA2DKrgf2W0NHlOg%2Fbp9bmR6NnHfZ7olYgZm%2B0juXUZc8ETxulKL8TuBotpsrzsxcU04%2B8yCRdbV2dvMoXzprxdpe%2Bz1XpglJL%2FUknXRweDNtWNSBjRiik%2BlreUl3KvwGTfTmp3WbQ9Z%2FJQpb7XglPPaSs5s%2BLi%2BZxEGzon5FEH%2FOIPtKkaw5NncTlSxSnw9d8c4A3SGF7ndFRmQ6uagw1GQ%3D%3D","environmentVariables":{"FIREBASE_CONFIG":"{\"projectId\":\"paulo-morais\",\"databaseURL\":\"https://paulo-morais-default-rtdb.europe-west1.firebasedatabase.app\",\"storageBucket\":\"paulo-morais.firebasestorage.app\"}","GCLOUD_PROJECT":"paulo-morais","EVENTARC_CLOUD_EVENT_SOURCE":"projects/paulo-morais/locations/us-central1/functions/handleUnsubscribe"},"runtime":"nodejs22","buildEnvironmentVariables":{"GOOGLE_NODE_RUN_SCRIPTS":""},"dockerRegistry":"ARTIFACT_REGISTRY"},"versionId":"1","updateTime":"2026-05-06T20:21:26.681858130Z","buildId":"1d963383-1510-46b9-ba5a-cfc269b99166","buildName":"projects/431406968000/locations/us-central1/builds/1d963383-1510-46b9-ba5a-cfc269b99166"}}
[debug] [2026-05-06T20:21:53.894Z] [create-default-us-central1-handleUnsubscribe] Retrying task index 0
[debug] [2026-05-06T20:21:53.894Z] Checked if tokens are valid: true, expires at: 1778102425443
[debug] [2026-05-06T20:21:53.895Z] Checked if tokens are valid: true, expires at: 1778102425443
[debug] [2026-05-06T20:21:53.895Z] >>> [apiv2][query] GET https://cloudfunctions.googleapis.com/v1/operations/cHJvamVjdHMvcGF1bG8tbW9yYWlzL2xvY2F0aW9ucy91cy1jZW50cmFsMS9vcGVyYXRpb25zL29wZXJhdGlvbi0xNzc4MDk4ODg2MzAwLTY1MTJiZTg3ZTUzODMtMzE2ODI1NTQtM2Q4OWFkM2I [none]
[debug] [2026-05-06T20:21:54.424Z] <<< [apiv2][status] GET https://cloudfunctions.googleapis.com/v1/operations/cHJvamVjdHMvcGF1bG8tbW9yYWlzL2xvY2F0aW9ucy91cy1jZW50cmFsMS9vcGVyYXRpb25zL29wZXJhdGlvbi0xNzc4MDk4ODg2MzAwLTY1MTJiZTg3ZTUzODMtMzE2ODI1NTQtM2Q4OWFkM2I 200
[debug] [2026-05-06T20:21:54.424Z] <<< [apiv2][body] GET https://cloudfunctions.googleapis.com/v1/operations/cHJvamVjdHMvcGF1bG8tbW9yYWlzL2xvY2F0aW9ucy91cy1jZW50cmFsMS9vcGVyYXRpb25zL29wZXJhdGlvbi0xNzc4MDk4ODg2MzAwLTY1MTJiZTg3ZTUzODMtMzE2ODI1NTQtM2Q4OWFkM2I {"name":"operations/cHJvamVjdHMvcGF1bG8tbW9yYWlzL2xvY2F0aW9ucy91cy1jZW50cmFsMS9vcGVyYXRpb25zL29wZXJhdGlvbi0xNzc4MDk4ODg2MzAwLTY1MTJiZTg3ZTUzODMtMzE2ODI1NTQtM2Q4OWFkM2I","metadata":{"@type":"type.googleapis.com/google.cloud.functions.v1.OperationMetadataV1","target":"projects/paulo-morais/locations/us-central1/functions/handleUnsubscribe","type":"CREATE_FUNCTION","request":{"@type":"type.googleapis.com/google.cloud.functions.v1.CloudFunction","name":"projects/paulo-morais/locations/us-central1/functions/handleUnsubscribe","httpsTrigger":{"securityLevel":"SECURE_ALWAYS"},"entryPoint":"handleUnsubscribe","updateTime":"1970-01-01T00:00:00Z","labels":{"deployment-tool":"cli-firebase","firebase-functions-hash":"4cb3c228b008481395571b5e219bb6c451c15db3"},"sourceUploadUrl":"https://storage.googleapis.com/uploads-781531000078.us-central1.cloudfunctions.appspot.com/a58a9a8a-3529-4f17-bab4-d8c161b88d30.zip?GoogleAccessId=service-431406968000@gcf-admin-robot.iam.gserviceaccount.com&Expires=1778100685&Signature=CRGoDqQTanoG3gzAO%2FlT%2Fn8fgiP7b4H24gwKelt2Y30lG61oJo%2BfUX%2BiZzsETDYiUtBP74wN95L7nLfPTiHLOD%2FNRgCOHZQDqlbzUiXwnn5QXDLNTIDwgI3teT%2BUBDWA2DKrgf2W0NHlOg%2Fbp9bmR6NnHfZ7olYgZm%2B0juXUZc8ETxulKL8TuBotpsrzsxcU04%2B8yCRdbV2dvMoXzprxdpe%2Bz1XpglJL%2FUknXRweDNtWNSBjRiik%2BlreUl3KvwGTfTmp3WbQ9Z%2FJQpb7XglPPaSs5s%2BLi%2BZxEGzon5FEH%2FOIPtKkaw5NncTlSxSnw9d8c4A3SGF7ndFRmQ6uagw1GQ%3D%3D","environmentVariables":{"FIREBASE_CONFIG":"{\"projectId\":\"paulo-morais\",\"databaseURL\":\"https://paulo-morais-default-rtdb.europe-west1.firebasedatabase.app\",\"storageBucket\":\"paulo-morais.firebasestorage.app\"}","GCLOUD_PROJECT":"paulo-morais","EVENTARC_CLOUD_EVENT_SOURCE":"projects/paulo-morais/locations/us-central1/functions/handleUnsubscribe"},"runtime":"nodejs22","buildEnvironmentVariables":{"GOOGLE_NODE_RUN_SCRIPTS":""},"dockerRegistry":"ARTIFACT_REGISTRY"},"versionId":"1","updateTime":"2026-05-06T20:21:26.681858130Z","buildId":"1d963383-1510-46b9-ba5a-cfc269b99166","buildName":"projects/431406968000/locations/us-central1/builds/1d963383-1510-46b9-ba5a-cfc269b99166"}}
